Fetching 2 files:   0%|          | 0/2 [00:00<?, ?it/s]Fetching 2 files:   0%|          | 0/2 [00:07<?, ?it/s]
Error: Failed to close writer for Some("/home/rpandya4/.cache/huggingface/xet/https___cas_serv-tGqkUaZf_CBPHQ6h/chunk-cache/tl/tlCDBDOqAlSDscJd2DrFcOV5soL3soU2edZPADUD-HlkZWZhdWx0/DAMAACgEAABdQRcBAAAAAG64fYo="): No space left on device (os error 28)
Error: Failed to close writer for Some("/home/rpandya4/.cache/huggingface/xet/https___cas_serv-tGqkUaZf_CBPHQ6h/chunk-cache/8_/8_HAT6bhDA1Ik7tUOhhSEMH1O-bE7TcKV-hstdrEGFtkZWZhdWx0/eQIAAJgCAADb6x4AAAAAAKHe42M="): No space left on device (os error 28)
Error: Failed to close writer for Some("/home/rpandya4/.cache/huggingface/xet/https___cas_serv-tGqkUaZf_CBPHQ6h/chunk-cache/QW/QW27G-1dOTIQIZ5MTloU360RwDCY2yGCSnNXwNZrLwZkZWZhdWx0/AAAAAMsAAADYNcIAAAAAAN_1Tv4="): No space left on device (os error 28)
Error: Failed to close writer for Some("/home/rpandya4/.cache/huggingface/xet/https___cas_serv-tGqkUaZf_CBPHQ6h/chunk-cache/O5/O5eYuQ_pe0K4zDpZqUqo8ZjaNfsajXpf10rgnYyFaT5kZWZhdWx0/EgAAAEMAAAC77iwAAAAAAF2Vaf8="): No space left on device (os error 28)
Error: Failed to close writer for Some("/home/rpandya4/.cache/huggingface/xet/https___cas_serv-tGqkUaZf_CBPHQ6h/chunk-cache/U7/U7XJ1wmBBR58bSxCubRzcNvneaE5HVREMvI2xU9z1BRkZWZhdWx0/OAEAAHQDAAA8o_8BAAAAANZ_fw8="): No space left on device (os error 28)
Traceback (most recent call last):
  File "/home/rpandya4/.conda/envs/mamba_exp/lib/python3.10/site-packages/huggingface_hub/file_download.py", line 1723, in _download_to_tmp_and_move
    xet_get(
  File "/home/rpandya4/.conda/envs/mamba_exp/lib/python3.10/site-packages/huggingface_hub/file_download.py", line 629, in xet_get
    download_files(
RuntimeError: Data processing error: CAS service error : IO Error: No space left on device (os error 28)

During handling of the above exception, another exception occurred:

Traceback (most recent call last):
  File "/weka/scratch/jhu35/rpandya4/model-human-processing/src/run_experiment.py", line 101, in <module>
    main()
  File "/weka/scratch/jhu35/rpandya4/model-human-processing/src/run_experiment.py", line 44, in main
    model = initialize_lm(
  File "/weka/scratch/jhu35/rpandya4/model-human-processing/src/model.py", line 27, in initialize_lm
    model = LM(
  File "/weka/scratch/jhu35/rpandya4/model-human-processing/src/model.py", line 53, in __init__
    model = AutoModelForCausalLM.from_pretrained(
  File "/home/rpandya4/.conda/envs/mamba_exp/lib/python3.10/site-packages/transformers/models/auto/auto_factory.py", line 604, in from_pretrained
    return model_class.from_pretrained(
  File "/home/rpandya4/.conda/envs/mamba_exp/lib/python3.10/site-packages/transformers/modeling_utils.py", line 277, in _wrapper
    return func(*args, **kwargs)
  File "/home/rpandya4/.conda/envs/mamba_exp/lib/python3.10/site-packages/transformers/modeling_utils.py", line 4903, in from_pretrained
    checkpoint_files, sharded_metadata = _get_resolved_checkpoint_files(
  File "/home/rpandya4/.conda/envs/mamba_exp/lib/python3.10/site-packages/transformers/modeling_utils.py", line 1204, in _get_resolved_checkpoint_files
    checkpoint_files, sharded_metadata = get_checkpoint_shard_files(
  File "/home/rpandya4/.conda/envs/mamba_exp/lib/python3.10/site-packages/transformers/utils/hub.py", line 1084, in get_checkpoint_shard_files
    cached_filenames = cached_files(
  File "/home/rpandya4/.conda/envs/mamba_exp/lib/python3.10/site-packages/transformers/utils/hub.py", line 567, in cached_files
    raise e
  File "/home/rpandya4/.conda/envs/mamba_exp/lib/python3.10/site-packages/transformers/utils/hub.py", line 494, in cached_files
    snapshot_download(
  File "/home/rpandya4/.conda/envs/mamba_exp/lib/python3.10/site-packages/huggingface_hub/utils/_validators.py", line 114, in _inner_fn
    return fn(*args, **kwargs)
  File "/home/rpandya4/.conda/envs/mamba_exp/lib/python3.10/site-packages/huggingface_hub/_snapshot_download.py", line 332, in snapshot_download
    thread_map(
  File "/home/rpandya4/.conda/envs/mamba_exp/lib/python3.10/site-packages/tqdm/contrib/concurrent.py", line 69, in thread_map
    return _executor_map(ThreadPoolExecutor, fn, *iterables, **tqdm_kwargs)
  File "/home/rpandya4/.conda/envs/mamba_exp/lib/python3.10/site-packages/tqdm/contrib/concurrent.py", line 51, in _executor_map
    return list(tqdm_class(ex.map(fn, *iterables, chunksize=chunksize), **kwargs))
  File "/home/rpandya4/.conda/envs/mamba_exp/lib/python3.10/site-packages/tqdm/std.py", line 1181, in __iter__
    for obj in iterable:
  File "/home/rpandya4/.conda/envs/mamba_exp/lib/python3.10/concurrent/futures/_base.py", line 621, in result_iterator
    yield _result_or_cancel(fs.pop())
  File "/home/rpandya4/.conda/envs/mamba_exp/lib/python3.10/concurrent/futures/_base.py", line 319, in _result_or_cancel
    return fut.result(timeout)
  File "/home/rpandya4/.conda/envs/mamba_exp/lib/python3.10/concurrent/futures/_base.py", line 458, in result
    return self.__get_result()
  File "/home/rpandya4/.conda/envs/mamba_exp/lib/python3.10/concurrent/futures/_base.py", line 403, in __get_result
    raise self._exception
  File "/home/rpandya4/.conda/envs/mamba_exp/lib/python3.10/concurrent/futures/thread.py", line 58, in run
    result = self.fn(*self.args, **self.kwargs)
  File "/home/rpandya4/.conda/envs/mamba_exp/lib/python3.10/site-packages/huggingface_hub/_snapshot_download.py", line 306, in _inner_hf_hub_download
    return hf_hub_download(
  File "/home/rpandya4/.conda/envs/mamba_exp/lib/python3.10/site-packages/huggingface_hub/utils/_validators.py", line 114, in _inner_fn
    return fn(*args, **kwargs)
  File "/home/rpandya4/.conda/envs/mamba_exp/lib/python3.10/site-packages/huggingface_hub/file_download.py", line 1010, in hf_hub_download
    return _hf_hub_download_to_cache_dir(
  File "/home/rpandya4/.conda/envs/mamba_exp/lib/python3.10/site-packages/huggingface_hub/file_download.py", line 1171, in _hf_hub_download_to_cache_dir
    _download_to_tmp_and_move(
  File "/home/rpandya4/.conda/envs/mamba_exp/lib/python3.10/site-packages/huggingface_hub/file_download.py", line 1709, in _download_to_tmp_and_move
    with incomplete_path.open("ab") as f:
OSError: [Errno 28] No space left on device
Error: Failed to close writer for Some("/home/rpandya4/.cache/huggingface/xet/https___cas_serv-tGqkUaZf_CBPHQ6h/chunk-cache/Uv/UvdNLhR5E9jS14Pp90dM7M3dG8kS97L33scfgg6ESzpkZWZhdWx0/AAAAADIBAACxtCIBAAAAAA650Qs="): No space left on device (os error 28)
Ignored error while writing commit hash to /home/rpandya4/.cache/huggingface/hub/models--state-spaces--mamba-1.4b-hf/refs/main: [Errno 28] No space left on device: '/home/rpandya4/.cache/huggingface/hub/models--state-spaces--mamba-1.4b-hf/refs/main'.
Fetching 2 files:   0%|          | 0/2 [00:00<?, ?it/s]Fetching 2 files:   0%|          | 0/2 [00:00<?, ?it/s]
Traceback (most recent call last):
  File "/weka/scratch/jhu35/rpandya4/model-human-processing/src/run_experiment.py", line 101, in <module>
    main()
  File "/weka/scratch/jhu35/rpandya4/model-human-processing/src/run_experiment.py", line 44, in main
    model = initialize_lm(
  File "/weka/scratch/jhu35/rpandya4/model-human-processing/src/model.py", line 27, in initialize_lm
    model = LM(
  File "/weka/scratch/jhu35/rpandya4/model-human-processing/src/model.py", line 53, in __init__
    model = AutoModelForCausalLM.from_pretrained(
  File "/home/rpandya4/.conda/envs/mamba_exp/lib/python3.10/site-packages/transformers/models/auto/auto_factory.py", line 604, in from_pretrained
    return model_class.from_pretrained(
  File "/home/rpandya4/.conda/envs/mamba_exp/lib/python3.10/site-packages/transformers/modeling_utils.py", line 277, in _wrapper
    return func(*args, **kwargs)
  File "/home/rpandya4/.conda/envs/mamba_exp/lib/python3.10/site-packages/transformers/modeling_utils.py", line 4903, in from_pretrained
    checkpoint_files, sharded_metadata = _get_resolved_checkpoint_files(
  File "/home/rpandya4/.conda/envs/mamba_exp/lib/python3.10/site-packages/transformers/modeling_utils.py", line 1204, in _get_resolved_checkpoint_files
    checkpoint_files, sharded_metadata = get_checkpoint_shard_files(
  File "/home/rpandya4/.conda/envs/mamba_exp/lib/python3.10/site-packages/transformers/utils/hub.py", line 1084, in get_checkpoint_shard_files
    cached_filenames = cached_files(
  File "/home/rpandya4/.conda/envs/mamba_exp/lib/python3.10/site-packages/transformers/utils/hub.py", line 567, in cached_files
    raise e
  File "/home/rpandya4/.conda/envs/mamba_exp/lib/python3.10/site-packages/transformers/utils/hub.py", line 494, in cached_files
    snapshot_download(
  File "/home/rpandya4/.conda/envs/mamba_exp/lib/python3.10/site-packages/huggingface_hub/utils/_validators.py", line 114, in _inner_fn
    return fn(*args, **kwargs)
  File "/home/rpandya4/.conda/envs/mamba_exp/lib/python3.10/site-packages/huggingface_hub/_snapshot_download.py", line 332, in snapshot_download
    thread_map(
  File "/home/rpandya4/.conda/envs/mamba_exp/lib/python3.10/site-packages/tqdm/contrib/concurrent.py", line 69, in thread_map
    return _executor_map(ThreadPoolExecutor, fn, *iterables, **tqdm_kwargs)
  File "/home/rpandya4/.conda/envs/mamba_exp/lib/python3.10/site-packages/tqdm/contrib/concurrent.py", line 51, in _executor_map
    return list(tqdm_class(ex.map(fn, *iterables, chunksize=chunksize), **kwargs))
  File "/home/rpandya4/.conda/envs/mamba_exp/lib/python3.10/site-packages/tqdm/std.py", line 1181, in __iter__
    for obj in iterable:
  File "/home/rpandya4/.conda/envs/mamba_exp/lib/python3.10/concurrent/futures/_base.py", line 621, in result_iterator
    yield _result_or_cancel(fs.pop())
  File "/home/rpandya4/.conda/envs/mamba_exp/lib/python3.10/concurrent/futures/_base.py", line 319, in _result_or_cancel
    return fut.result(timeout)
  File "/home/rpandya4/.conda/envs/mamba_exp/lib/python3.10/concurrent/futures/_base.py", line 458, in result
    return self.__get_result()
  File "/home/rpandya4/.conda/envs/mamba_exp/lib/python3.10/concurrent/futures/_base.py", line 403, in __get_result
    raise self._exception
  File "/home/rpandya4/.conda/envs/mamba_exp/lib/python3.10/concurrent/futures/thread.py", line 58, in run
    result = self.fn(*self.args, **self.kwargs)
  File "/home/rpandya4/.conda/envs/mamba_exp/lib/python3.10/site-packages/huggingface_hub/_snapshot_download.py", line 306, in _inner_hf_hub_download
    return hf_hub_download(
  File "/home/rpandya4/.conda/envs/mamba_exp/lib/python3.10/site-packages/huggingface_hub/utils/_validators.py", line 114, in _inner_fn
    return fn(*args, **kwargs)
  File "/home/rpandya4/.conda/envs/mamba_exp/lib/python3.10/site-packages/huggingface_hub/file_download.py", line 1010, in hf_hub_download
    return _hf_hub_download_to_cache_dir(
  File "/home/rpandya4/.conda/envs/mamba_exp/lib/python3.10/site-packages/huggingface_hub/file_download.py", line 1170, in _hf_hub_download_to_cache_dir
    with WeakFileLock(lock_path):
  File "/home/rpandya4/.conda/envs/mamba_exp/lib/python3.10/contextlib.py", line 135, in __enter__
    return next(self.gen)
  File "/home/rpandya4/.conda/envs/mamba_exp/lib/python3.10/site-packages/huggingface_hub/utils/_fixes.py", line 109, in WeakFileLock
    lock.acquire(timeout=min(log_interval, timeout - elapsed_time) if timeout else log_interval)
  File "/home/rpandya4/.conda/envs/mamba_exp/lib/python3.10/site-packages/filelock/_api.py", line 255, in acquire
    self._acquire()
  File "/home/rpandya4/.conda/envs/mamba_exp/lib/python3.10/site-packages/filelock/_unix.py", line 39, in _acquire
    fd = os.open(self.lock_file, open_flags, self._context.mode)
OSError: [Errno 28] No space left on device: '/home/rpandya4/.cache/huggingface/hub/.locks/models--state-spaces--mamba-1.4b-hf/3a0351b2c6a044c5f19f0f8992362e57c0d6f71b0e0702d46f43f3d8a7120c84.lock'
Ignored error while writing commit hash to /home/rpandya4/.cache/huggingface/hub/models--state-spaces--mamba-1.4b-hf/refs/main: [Errno 28] No space left on device: '/home/rpandya4/.cache/huggingface/hub/models--state-spaces--mamba-1.4b-hf/refs/main'.
Fetching 2 files:   0%|          | 0/2 [00:00<?, ?it/s]Fetching 2 files:   0%|          | 0/2 [00:00<?, ?it/s]
Traceback (most recent call last):
  File "/weka/scratch/jhu35/rpandya4/model-human-processing/src/run_experiment.py", line 101, in <module>
    main()
  File "/weka/scratch/jhu35/rpandya4/model-human-processing/src/run_experiment.py", line 44, in main
    model = initialize_lm(
  File "/weka/scratch/jhu35/rpandya4/model-human-processing/src/model.py", line 27, in initialize_lm
    model = LM(
  File "/weka/scratch/jhu35/rpandya4/model-human-processing/src/model.py", line 53, in __init__
    model = AutoModelForCausalLM.from_pretrained(
  File "/home/rpandya4/.conda/envs/mamba_exp/lib/python3.10/site-packages/transformers/models/auto/auto_factory.py", line 604, in from_pretrained
    return model_class.from_pretrained(
  File "/home/rpandya4/.conda/envs/mamba_exp/lib/python3.10/site-packages/transformers/modeling_utils.py", line 277, in _wrapper
    return func(*args, **kwargs)
  File "/home/rpandya4/.conda/envs/mamba_exp/lib/python3.10/site-packages/transformers/modeling_utils.py", line 4903, in from_pretrained
    checkpoint_files, sharded_metadata = _get_resolved_checkpoint_files(
  File "/home/rpandya4/.conda/envs/mamba_exp/lib/python3.10/site-packages/transformers/modeling_utils.py", line 1204, in _get_resolved_checkpoint_files
    checkpoint_files, sharded_metadata = get_checkpoint_shard_files(
  File "/home/rpandya4/.conda/envs/mamba_exp/lib/python3.10/site-packages/transformers/utils/hub.py", line 1084, in get_checkpoint_shard_files
    cached_filenames = cached_files(
  File "/home/rpandya4/.conda/envs/mamba_exp/lib/python3.10/site-packages/transformers/utils/hub.py", line 567, in cached_files
    raise e
  File "/home/rpandya4/.conda/envs/mamba_exp/lib/python3.10/site-packages/transformers/utils/hub.py", line 494, in cached_files
    snapshot_download(
  File "/home/rpandya4/.conda/envs/mamba_exp/lib/python3.10/site-packages/huggingface_hub/utils/_validators.py", line 114, in _inner_fn
    return fn(*args, **kwargs)
  File "/home/rpandya4/.conda/envs/mamba_exp/lib/python3.10/site-packages/huggingface_hub/_snapshot_download.py", line 332, in snapshot_download
    thread_map(
  File "/home/rpandya4/.conda/envs/mamba_exp/lib/python3.10/site-packages/tqdm/contrib/concurrent.py", line 69, in thread_map
    return _executor_map(ThreadPoolExecutor, fn, *iterables, **tqdm_kwargs)
  File "/home/rpandya4/.conda/envs/mamba_exp/lib/python3.10/site-packages/tqdm/contrib/concurrent.py", line 51, in _executor_map
    return list(tqdm_class(ex.map(fn, *iterables, chunksize=chunksize), **kwargs))
  File "/home/rpandya4/.conda/envs/mamba_exp/lib/python3.10/site-packages/tqdm/std.py", line 1181, in __iter__
    for obj in iterable:
  File "/home/rpandya4/.conda/envs/mamba_exp/lib/python3.10/concurrent/futures/_base.py", line 621, in result_iterator
    yield _result_or_cancel(fs.pop())
  File "/home/rpandya4/.conda/envs/mamba_exp/lib/python3.10/concurrent/futures/_base.py", line 319, in _result_or_cancel
    return fut.result(timeout)
  File "/home/rpandya4/.conda/envs/mamba_exp/lib/python3.10/concurrent/futures/_base.py", line 458, in result
    return self.__get_result()
  File "/home/rpandya4/.conda/envs/mamba_exp/lib/python3.10/concurrent/futures/_base.py", line 403, in __get_result
    raise self._exception
  File "/home/rpandya4/.conda/envs/mamba_exp/lib/python3.10/concurrent/futures/thread.py", line 58, in run
    result = self.fn(*self.args, **self.kwargs)
  File "/home/rpandya4/.conda/envs/mamba_exp/lib/python3.10/site-packages/huggingface_hub/_snapshot_download.py", line 306, in _inner_hf_hub_download
    return hf_hub_download(
  File "/home/rpandya4/.conda/envs/mamba_exp/lib/python3.10/site-packages/huggingface_hub/utils/_validators.py", line 114, in _inner_fn
    return fn(*args, **kwargs)
  File "/home/rpandya4/.conda/envs/mamba_exp/lib/python3.10/site-packages/huggingface_hub/file_download.py", line 1010, in hf_hub_download
    return _hf_hub_download_to_cache_dir(
  File "/home/rpandya4/.conda/envs/mamba_exp/lib/python3.10/site-packages/huggingface_hub/file_download.py", line 1170, in _hf_hub_download_to_cache_dir
    with WeakFileLock(lock_path):
  File "/home/rpandya4/.conda/envs/mamba_exp/lib/python3.10/contextlib.py", line 135, in __enter__
    return next(self.gen)
  File "/home/rpandya4/.conda/envs/mamba_exp/lib/python3.10/site-packages/huggingface_hub/utils/_fixes.py", line 109, in WeakFileLock
    lock.acquire(timeout=min(log_interval, timeout - elapsed_time) if timeout else log_interval)
  File "/home/rpandya4/.conda/envs/mamba_exp/lib/python3.10/site-packages/filelock/_api.py", line 255, in acquire
    self._acquire()
  File "/home/rpandya4/.conda/envs/mamba_exp/lib/python3.10/site-packages/filelock/_unix.py", line 39, in _acquire
    fd = os.open(self.lock_file, open_flags, self._context.mode)
OSError: [Errno 28] No space left on device: '/home/rpandya4/.cache/huggingface/hub/.locks/models--state-spaces--mamba-1.4b-hf/3a0351b2c6a044c5f19f0f8992362e57c0d6f71b0e0702d46f43f3d8a7120c84.lock'
Ignored error while writing commit hash to /home/rpandya4/.cache/huggingface/hub/models--state-spaces--mamba-1.4b-hf/refs/main: [Errno 28] No space left on device: '/home/rpandya4/.cache/huggingface/hub/models--state-spaces--mamba-1.4b-hf/refs/main'.
Fetching 2 files:   0%|          | 0/2 [00:00<?, ?it/s]Fetching 2 files:   0%|          | 0/2 [00:00<?, ?it/s]
Traceback (most recent call last):
  File "/weka/scratch/jhu35/rpandya4/model-human-processing/src/run_experiment.py", line 101, in <module>
    main()
  File "/weka/scratch/jhu35/rpandya4/model-human-processing/src/run_experiment.py", line 44, in main
    model = initialize_lm(
  File "/weka/scratch/jhu35/rpandya4/model-human-processing/src/model.py", line 27, in initialize_lm
    model = LM(
  File "/weka/scratch/jhu35/rpandya4/model-human-processing/src/model.py", line 53, in __init__
    model = AutoModelForCausalLM.from_pretrained(
  File "/home/rpandya4/.conda/envs/mamba_exp/lib/python3.10/site-packages/transformers/models/auto/auto_factory.py", line 604, in from_pretrained
    return model_class.from_pretrained(
  File "/home/rpandya4/.conda/envs/mamba_exp/lib/python3.10/site-packages/transformers/modeling_utils.py", line 277, in _wrapper
    return func(*args, **kwargs)
  File "/home/rpandya4/.conda/envs/mamba_exp/lib/python3.10/site-packages/transformers/modeling_utils.py", line 4903, in from_pretrained
    checkpoint_files, sharded_metadata = _get_resolved_checkpoint_files(
  File "/home/rpandya4/.conda/envs/mamba_exp/lib/python3.10/site-packages/transformers/modeling_utils.py", line 1204, in _get_resolved_checkpoint_files
    checkpoint_files, sharded_metadata = get_checkpoint_shard_files(
  File "/home/rpandya4/.conda/envs/mamba_exp/lib/python3.10/site-packages/transformers/utils/hub.py", line 1084, in get_checkpoint_shard_files
    cached_filenames = cached_files(
  File "/home/rpandya4/.conda/envs/mamba_exp/lib/python3.10/site-packages/transformers/utils/hub.py", line 567, in cached_files
    raise e
  File "/home/rpandya4/.conda/envs/mamba_exp/lib/python3.10/site-packages/transformers/utils/hub.py", line 494, in cached_files
    snapshot_download(
  File "/home/rpandya4/.conda/envs/mamba_exp/lib/python3.10/site-packages/huggingface_hub/utils/_validators.py", line 114, in _inner_fn
    return fn(*args, **kwargs)
  File "/home/rpandya4/.conda/envs/mamba_exp/lib/python3.10/site-packages/huggingface_hub/_snapshot_download.py", line 332, in snapshot_download
    thread_map(
  File "/home/rpandya4/.conda/envs/mamba_exp/lib/python3.10/site-packages/tqdm/contrib/concurrent.py", line 69, in thread_map
    return _executor_map(ThreadPoolExecutor, fn, *iterables, **tqdm_kwargs)
  File "/home/rpandya4/.conda/envs/mamba_exp/lib/python3.10/site-packages/tqdm/contrib/concurrent.py", line 51, in _executor_map
    return list(tqdm_class(ex.map(fn, *iterables, chunksize=chunksize), **kwargs))
  File "/home/rpandya4/.conda/envs/mamba_exp/lib/python3.10/site-packages/tqdm/std.py", line 1181, in __iter__
    for obj in iterable:
  File "/home/rpandya4/.conda/envs/mamba_exp/lib/python3.10/concurrent/futures/_base.py", line 621, in result_iterator
    yield _result_or_cancel(fs.pop())
  File "/home/rpandya4/.conda/envs/mamba_exp/lib/python3.10/concurrent/futures/_base.py", line 319, in _result_or_cancel
    return fut.result(timeout)
  File "/home/rpandya4/.conda/envs/mamba_exp/lib/python3.10/concurrent/futures/_base.py", line 458, in result
    return self.__get_result()
  File "/home/rpandya4/.conda/envs/mamba_exp/lib/python3.10/concurrent/futures/_base.py", line 403, in __get_result
    raise self._exception
  File "/home/rpandya4/.conda/envs/mamba_exp/lib/python3.10/concurrent/futures/thread.py", line 58, in run
    result = self.fn(*self.args, **self.kwargs)
  File "/home/rpandya4/.conda/envs/mamba_exp/lib/python3.10/site-packages/huggingface_hub/_snapshot_download.py", line 306, in _inner_hf_hub_download
    return hf_hub_download(
  File "/home/rpandya4/.conda/envs/mamba_exp/lib/python3.10/site-packages/huggingface_hub/utils/_validators.py", line 114, in _inner_fn
    return fn(*args, **kwargs)
  File "/home/rpandya4/.conda/envs/mamba_exp/lib/python3.10/site-packages/huggingface_hub/file_download.py", line 1010, in hf_hub_download
    return _hf_hub_download_to_cache_dir(
  File "/home/rpandya4/.conda/envs/mamba_exp/lib/python3.10/site-packages/huggingface_hub/file_download.py", line 1170, in _hf_hub_download_to_cache_dir
    with WeakFileLock(lock_path):
  File "/home/rpandya4/.conda/envs/mamba_exp/lib/python3.10/contextlib.py", line 135, in __enter__
    return next(self.gen)
  File "/home/rpandya4/.conda/envs/mamba_exp/lib/python3.10/site-packages/huggingface_hub/utils/_fixes.py", line 109, in WeakFileLock
    lock.acquire(timeout=min(log_interval, timeout - elapsed_time) if timeout else log_interval)
  File "/home/rpandya4/.conda/envs/mamba_exp/lib/python3.10/site-packages/filelock/_api.py", line 255, in acquire
    self._acquire()
  File "/home/rpandya4/.conda/envs/mamba_exp/lib/python3.10/site-packages/filelock/_unix.py", line 39, in _acquire
    fd = os.open(self.lock_file, open_flags, self._context.mode)
OSError: [Errno 28] No space left on device: '/home/rpandya4/.cache/huggingface/hub/.locks/models--state-spaces--mamba-1.4b-hf/3a0351b2c6a044c5f19f0f8992362e57c0d6f71b0e0702d46f43f3d8a7120c84.lock'
