==========================================
Mamba Experiment Runner
Job ID: 463033
Array Task ID: 0
Node: h13
Started: Tue Oct 14 16:48:07 EDT 2025
==========================================
Using HuggingFace cache at: /scratch/jhu35/rpandya4/huggingface_cache
Small model - no quantization needed
Running tasks sequentially: capitals-recall capitals-recognition animals gender

Configuration:
  Model: state-spaces/mamba2-130m
  Tasks: capitals-recall capitals-recognition animals gender
  Stimuli dir: /scratch/jhu35/rpandya4/model-human-processing/data/stimuli
  Output dir: /scratch/jhu35/rpandya4/model-human-processing/data/model_output


==========================================
Running experiment: capitals-recall
Started: Tue Oct 14 16:48:08 EDT 2025
==========================================
Namespace(stimuli_dir='/scratch/jhu35/rpandya4/model-human-processing/data/stimuli', output_dir='/scratch/jhu35/rpandya4/model-human-processing/data/model_output', cache_dir=None, prompt_file=None, model='state-spaces/mamba2-130m', reduce_precision=False, task=['capitals-recall'], use_tuned_lens=False)

==========================================
Task finished: capitals-recall
Exit code: 1
Finished: Tue Oct 14 16:48:42 EDT 2025
==========================================
✗ Output file not found: /scratch/jhu35/rpandya4/model-human-processing/data/model_output/logit_lens/capitals-recall_mamba2-130m.csv

==========================================
Running experiment: capitals-recognition
Started: Tue Oct 14 16:48:42 EDT 2025
==========================================
Namespace(stimuli_dir='/scratch/jhu35/rpandya4/model-human-processing/data/stimuli', output_dir='/scratch/jhu35/rpandya4/model-human-processing/data/model_output', cache_dir=None, prompt_file=None, model='state-spaces/mamba2-130m', reduce_precision=False, task=['capitals-recognition'], use_tuned_lens=False)

==========================================
Task finished: capitals-recognition
Exit code: 1
Finished: Tue Oct 14 16:49:11 EDT 2025
==========================================
✗ Output file not found: /scratch/jhu35/rpandya4/model-human-processing/data/model_output/logit_lens/capitals-recognition_mamba2-130m.csv

==========================================
Running experiment: animals
Started: Tue Oct 14 16:49:11 EDT 2025
==========================================
Namespace(stimuli_dir='/scratch/jhu35/rpandya4/model-human-processing/data/stimuli', output_dir='/scratch/jhu35/rpandya4/model-human-processing/data/model_output', cache_dir=None, prompt_file=None, model='state-spaces/mamba2-130m', reduce_precision=False, task=['animals'], use_tuned_lens=False)

==========================================
Task finished: animals
Exit code: 1
Finished: Tue Oct 14 16:49:40 EDT 2025
==========================================
✗ Output file not found: /scratch/jhu35/rpandya4/model-human-processing/data/model_output/logit_lens/animals_mamba2-130m.csv

==========================================
Running experiment: gender
Started: Tue Oct 14 16:49:40 EDT 2025
==========================================
Namespace(stimuli_dir='/scratch/jhu35/rpandya4/model-human-processing/data/stimuli', output_dir='/scratch/jhu35/rpandya4/model-human-processing/data/model_output', cache_dir=None, prompt_file=None, model='state-spaces/mamba2-130m', reduce_precision=False, task=['gender'], use_tuned_lens=False)

==========================================
Task finished: gender
Exit code: 1
Finished: Tue Oct 14 16:50:09 EDT 2025
==========================================
✗ Output file not found: /scratch/jhu35/rpandya4/model-human-processing/data/model_output/logit_lens/gender_mamba2-130m.csv

==========================================
All tasks completed: Tue Oct 14 16:50:09 EDT 2025
Overall exit code: 1
==========================================
